{"statusCode": 200, "body": "{\"message\": \"Resource ID extracted successfully!\", \"eventName\": \"DeleteTags\", \"resourceId\": \"i-0edd63d2aaa65dfb2\", \"valid\": false}"}