{"statusCode": 200, "body": "{\"message\": \"Resource ID extracted successfully!\", \"eventName\": \"StartInstances\", \"resourceId\": \"i-06dd978c1574e2359\", \"valid\": true}"}