{
    "statusCode": 200,
    "body": "{\"message\": \"Resource ID extracted successfully!\", \"eventName\": \"DeleteTags\", \"resourceId\": \"i-003492c2f4628ec51\", \"valid\": false, \"ipInfo\": {\"PrivateIpAddress\": \"172.31.25.223\"}}"
  }